MPLINK 5.09, LINKER
Linker Map File - Created Sun Feb 12 18:41:06 2023

                                 Section Info
                  Section       Type    Address   Location Size(Bytes)
                ---------  ---------  ---------  ---------  ---------
                   .org_0       code   0x000000    program   0x000004
                   .cinit    romdata   0x000002    program   0x000004
                   .org_1       code   0x000004    program   0x000160
.config_2007_BUILD/DEFAULT/PRODUCTION/MAIN.O       code   0x002007    program   0x000002



                              Program Memory Usage 
                               Start         End      
                           ---------   ---------      
                            0x000000    0x0000b3      
                            0x002007    0x002007      
            181 out of 8454 program addresses used, program memory utilization is 2%



                              Symbols - Sorted by Name
                     Name    Address   Location    Storage File                     
                ---------  ---------  ---------  --------- ---------                
                  DELAY_W   0x000050    program     static C:\qws\MPLAB\RealTime\RealTime.X\main.asm
                     DONE   0x0000b4    program     static C:\qws\MPLAB\RealTime\RealTime.X\main.asm
          INIT_DEBUG_PORT   0x000031    program     static C:\qws\MPLAB\RealTime\RealTime.X\main.asm
              ISR_FOR_BTN   0x00000f    program     static C:\qws\MPLAB\RealTime\RealTime.X\main.asm
            ISR_FOR_TIMER   0x00000c    program     static C:\qws\MPLAB\RealTime\RealTime.X\main.asm
              LABEL_REACH   0x000042    program     static C:\qws\MPLAB\RealTime\RealTime.X\main.asm
                       LP   0x00005c    program     static C:\qws\MPLAB\RealTime\RealTime.X\main.asm
          PULSE_LCD_E_PIN   0x000060    program     static C:\qws\MPLAB\RealTime\RealTime.X\main.asm
      PulseWriteCharToLCD   0x000088    program     static C:\qws\MPLAB\RealTime\RealTime.X\main.asm
       PulseWriteCmdToLCD   0x00007a    program     static C:\qws\MPLAB\RealTime\RealTime.X\main.asm
         SETUP_INTERRUPTS   0x000029    program     static C:\qws\MPLAB\RealTime\RealTime.X\main.asm
                SETUP_LCD   0x000065    program     static C:\qws\MPLAB\RealTime\RealTime.X\main.asm
      SETUP_PORTS_DIGITAL   0x000020    program     static C:\qws\MPLAB\RealTime\RealTime.X\main.asm
          START_EXECUTION   0x000036    program     static C:\qws\MPLAB\RealTime\RealTime.X\main.asm
         WritePromptToLCD   0x000097    program     static C:\qws\MPLAB\RealTime\RealTime.X\main.asm
               loop_start   0x000051    program     static C:\qws\MPLAB\RealTime\RealTime.X\main.asm
                    onems   0x00005a    program     static C:\qws\MPLAB\RealTime\RealTime.X\main.asm



                              Symbols - Sorted by Address
                     Name    Address   Location    Storage File                     
                ---------  ---------  ---------  --------- ---------                
            ISR_FOR_TIMER   0x00000c    program     static C:\qws\MPLAB\RealTime\RealTime.X\main.asm
              ISR_FOR_BTN   0x00000f    program     static C:\qws\MPLAB\RealTime\RealTime.X\main.asm
      SETUP_PORTS_DIGITAL   0x000020    program     static C:\qws\MPLAB\RealTime\RealTime.X\main.asm
         SETUP_INTERRUPTS   0x000029    program     static C:\qws\MPLAB\RealTime\RealTime.X\main.asm
          INIT_DEBUG_PORT   0x000031    program     static C:\qws\MPLAB\RealTime\RealTime.X\main.asm
          START_EXECUTION   0x000036    program     static C:\qws\MPLAB\RealTime\RealTime.X\main.asm
              LABEL_REACH   0x000042    program     static C:\qws\MPLAB\RealTime\RealTime.X\main.asm
                  DELAY_W   0x000050    program     static C:\qws\MPLAB\RealTime\RealTime.X\main.asm
               loop_start   0x000051    program     static C:\qws\MPLAB\RealTime\RealTime.X\main.asm
                    onems   0x00005a    program     static C:\qws\MPLAB\RealTime\RealTime.X\main.asm
                       LP   0x00005c    program     static C:\qws\MPLAB\RealTime\RealTime.X\main.asm
          PULSE_LCD_E_PIN   0x000060    program     static C:\qws\MPLAB\RealTime\RealTime.X\main.asm
                SETUP_LCD   0x000065    program     static C:\qws\MPLAB\RealTime\RealTime.X\main.asm
       PulseWriteCmdToLCD   0x00007a    program     static C:\qws\MPLAB\RealTime\RealTime.X\main.asm
      PulseWriteCharToLCD   0x000088    program     static C:\qws\MPLAB\RealTime\RealTime.X\main.asm
         WritePromptToLCD   0x000097    program     static C:\qws\MPLAB\RealTime\RealTime.X\main.asm
                     DONE   0x0000b4    program     static C:\qws\MPLAB\RealTime\RealTime.X\main.asm


