MPLINK 5.09, LINKER
Linker Map File - Created Sun Feb 12 18:44:05 2023

                                 Section Info
                  Section       Type    Address   Location Size(Bytes)
                ---------  ---------  ---------  ---------  ---------
                   .org_0       code   0x000000    program   0x000004
                   .cinit    romdata   0x000002    program   0x000004
                   .org_1       code   0x000004    program   0x00015a
.config_2007_BUILD/DEFAULT/PRODUCTION/MAIN.O       code   0x002007    program   0x000002



                              Program Memory Usage 
                               Start         End      
                           ---------   ---------      
                            0x000000    0x0000b0      
                            0x002007    0x002007      
            178 out of 8454 program addresses used, program memory utilization is 2%



                              Symbols - Sorted by Name
                     Name    Address   Location    Storage File                     
                ---------  ---------  ---------  --------- ---------                
                  DELAY_W   0x00004d    program     static C:\qws\MPLAB\RealTime\RealTime.X\main.asm
                     DONE   0x0000b1    program     static C:\qws\MPLAB\RealTime\RealTime.X\main.asm
          INIT_DEBUG_PORT   0x000031    program     static C:\qws\MPLAB\RealTime\RealTime.X\main.asm
              ISR_FOR_BTN   0x00000f    program     static C:\qws\MPLAB\RealTime\RealTime.X\main.asm
            ISR_FOR_TIMER   0x00000c    program     static C:\qws\MPLAB\RealTime\RealTime.X\main.asm
              LABEL_REACH   0x00003f    program     static C:\qws\MPLAB\RealTime\RealTime.X\main.asm
         LCD_WRITE_PROMPT   0x000094    program     static C:\qws\MPLAB\RealTime\RealTime.X\main.asm
                       LP   0x000059    program     static C:\qws\MPLAB\RealTime\RealTime.X\main.asm
          PULSE_LCD_E_PIN   0x00005d    program     static C:\qws\MPLAB\RealTime\RealTime.X\main.asm
      PulseWriteCharToLCD   0x000085    program     static C:\qws\MPLAB\RealTime\RealTime.X\main.asm
       PulseWriteCmdToLCD   0x000077    program     static C:\qws\MPLAB\RealTime\RealTime.X\main.asm
         SETUP_INTERRUPTS   0x000029    program     static C:\qws\MPLAB\RealTime\RealTime.X\main.asm
                SETUP_LCD   0x000062    program     static C:\qws\MPLAB\RealTime\RealTime.X\main.asm
      SETUP_PORTS_DIGITAL   0x000020    program     static C:\qws\MPLAB\RealTime\RealTime.X\main.asm
          START_EXECUTION   0x000036    program     static C:\qws\MPLAB\RealTime\RealTime.X\main.asm
               loop_start   0x00004e    program     static C:\qws\MPLAB\RealTime\RealTime.X\main.asm
                    onems   0x000057    program     static C:\qws\MPLAB\RealTime\RealTime.X\main.asm



                              Symbols - Sorted by Address
                     Name    Address   Location    Storage File                     
                ---------  ---------  ---------  --------- ---------                
            ISR_FOR_TIMER   0x00000c    program     static C:\qws\MPLAB\RealTime\RealTime.X\main.asm
              ISR_FOR_BTN   0x00000f    program     static C:\qws\MPLAB\RealTime\RealTime.X\main.asm
      SETUP_PORTS_DIGITAL   0x000020    program     static C:\qws\MPLAB\RealTime\RealTime.X\main.asm
         SETUP_INTERRUPTS   0x000029    program     static C:\qws\MPLAB\RealTime\RealTime.X\main.asm
          INIT_DEBUG_PORT   0x000031    program     static C:\qws\MPLAB\RealTime\RealTime.X\main.asm
          START_EXECUTION   0x000036    program     static C:\qws\MPLAB\RealTime\RealTime.X\main.asm
              LABEL_REACH   0x00003f    program     static C:\qws\MPLAB\RealTime\RealTime.X\main.asm
                  DELAY_W   0x00004d    program     static C:\qws\MPLAB\RealTime\RealTime.X\main.asm
               loop_start   0x00004e    program     static C:\qws\MPLAB\RealTime\RealTime.X\main.asm
                    onems   0x000057    program     static C:\qws\MPLAB\RealTime\RealTime.X\main.asm
                       LP   0x000059    program     static C:\qws\MPLAB\RealTime\RealTime.X\main.asm
          PULSE_LCD_E_PIN   0x00005d    program     static C:\qws\MPLAB\RealTime\RealTime.X\main.asm
                SETUP_LCD   0x000062    program     static C:\qws\MPLAB\RealTime\RealTime.X\main.asm
       PulseWriteCmdToLCD   0x000077    program     static C:\qws\MPLAB\RealTime\RealTime.X\main.asm
      PulseWriteCharToLCD   0x000085    program     static C:\qws\MPLAB\RealTime\RealTime.X\main.asm
         LCD_WRITE_PROMPT   0x000094    program     static C:\qws\MPLAB\RealTime\RealTime.X\main.asm
                     DONE   0x0000b1    program     static C:\qws\MPLAB\RealTime\RealTime.X\main.asm


