MPLINK 5.09, LINKER
Linker Map File - Created Sun Feb 12 22:03:21 2023

                                 Section Info
                  Section       Type    Address   Location Size(Bytes)
                ---------  ---------  ---------  ---------  ---------
                   .org_0       code   0x000000    program   0x000004
                   .cinit    romdata   0x000002    program   0x000004
                   .org_1       code   0x000004    program   0x00020c
.config_2007_BUILD/DEFAULT/PRODUCTION/MAIN.O       code   0x002007    program   0x000002



                              Program Memory Usage 
                               Start         End      
                           ---------   ---------      
                            0x000000    0x000109      
                            0x002007    0x002007      
            267 out of 8454 program addresses used, program memory utilization is 3%



                              Symbols - Sorted by Name
                     Name    Address   Location    Storage File                     
                ---------  ---------  ---------  --------- ---------                
           CHECK_IF_SPACE   0x0000e2    program     static C:\qws\MPLAB\RealTime\RealTime.X\main.asm
               CHECK_IF_Z   0x0000e9    program     static C:\qws\MPLAB\RealTime\RealTime.X\main.asm
                  DELAY_W   0x00006f    program     static C:\qws\MPLAB\RealTime\RealTime.X\main.asm
     DISPLAY_CURRENT_CHAR   0x0000bc    program     static C:\qws\MPLAB\RealTime\RealTime.X\main.asm
                     DONE   0x00010a    program     static C:\qws\MPLAB\RealTime\RealTime.X\main.asm
   INCREMENT_CURRENT_CHAR   0x0000f6    program     static C:\qws\MPLAB\RealTime\RealTime.X\main.asm
          INIT_DEBUG_PORT   0x000046    program     static C:\qws\MPLAB\RealTime\RealTime.X\main.asm
              ISR_FOR_BTN   0x000028    program     static C:\qws\MPLAB\RealTime\RealTime.X\main.asm
            ISR_FOR_TIMER   0x000016    program     static C:\qws\MPLAB\RealTime\RealTime.X\main.asm
              LABEL_REACH   0x000061    program     static C:\qws\MPLAB\RealTime\RealTime.X\main.asm
         LCD_WRITE_PROMPT   0x0000c5    program     static C:\qws\MPLAB\RealTime\RealTime.X\main.asm
                       LP   0x00007b    program     static C:\qws\MPLAB\RealTime\RealTime.X\main.asm
MOVE_CURSOR_TO_LINE_2_WRITE_A   0x0000b6    program     static C:\qws\MPLAB\RealTime\RealTime.X\main.asm
        MOVE_TO_NEXT_CHAR   0x0000f8    program     static C:\qws\MPLAB\RealTime\RealTime.X\main.asm
          PULSE_LCD_E_PIN   0x00007f    program     static C:\qws\MPLAB\RealTime\RealTime.X\main.asm
      PulseWriteCharToLCD   0x0000a7    program     static C:\qws\MPLAB\RealTime\RealTime.X\main.asm
       PulseWriteCmdToLCD   0x000099    program     static C:\qws\MPLAB\RealTime\RealTime.X\main.asm
              RESET_TIMER   0x00000c    program     static C:\qws\MPLAB\RealTime\RealTime.X\main.asm
         SETUP_INTERRUPTS   0x000039    program     static C:\qws\MPLAB\RealTime\RealTime.X\main.asm
                SETUP_LCD   0x000084    program     static C:\qws\MPLAB\RealTime\RealTime.X\main.asm
      SETUP_PORTS_DIGITAL   0x000030    program     static C:\qws\MPLAB\RealTime\RealTime.X\main.asm
                    SKIP1   0x000025    program     static C:\qws\MPLAB\RealTime\RealTime.X\main.asm
          START_EXECUTION   0x000052    program     static C:\qws\MPLAB\RealTime\RealTime.X\main.asm
       TEST_CHECK_TO_MOVE   0x0000f0    program     static C:\qws\MPLAB\RealTime\RealTime.X\main.asm
               loop_start   0x000070    program     static C:\qws\MPLAB\RealTime\RealTime.X\main.asm
                    onems   0x000079    program     static C:\qws\MPLAB\RealTime\RealTime.X\main.asm



                              Symbols - Sorted by Address
                     Name    Address   Location    Storage File                     
                ---------  ---------  ---------  --------- ---------                
              RESET_TIMER   0x00000c    program     static C:\qws\MPLAB\RealTime\RealTime.X\main.asm
            ISR_FOR_TIMER   0x000016    program     static C:\qws\MPLAB\RealTime\RealTime.X\main.asm
                    SKIP1   0x000025    program     static C:\qws\MPLAB\RealTime\RealTime.X\main.asm
              ISR_FOR_BTN   0x000028    program     static C:\qws\MPLAB\RealTime\RealTime.X\main.asm
      SETUP_PORTS_DIGITAL   0x000030    program     static C:\qws\MPLAB\RealTime\RealTime.X\main.asm
         SETUP_INTERRUPTS   0x000039    program     static C:\qws\MPLAB\RealTime\RealTime.X\main.asm
          INIT_DEBUG_PORT   0x000046    program     static C:\qws\MPLAB\RealTime\RealTime.X\main.asm
          START_EXECUTION   0x000052    program     static C:\qws\MPLAB\RealTime\RealTime.X\main.asm
              LABEL_REACH   0x000061    program     static C:\qws\MPLAB\RealTime\RealTime.X\main.asm
                  DELAY_W   0x00006f    program     static C:\qws\MPLAB\RealTime\RealTime.X\main.asm
               loop_start   0x000070    program     static C:\qws\MPLAB\RealTime\RealTime.X\main.asm
                    onems   0x000079    program     static C:\qws\MPLAB\RealTime\RealTime.X\main.asm
                       LP   0x00007b    program     static C:\qws\MPLAB\RealTime\RealTime.X\main.asm
          PULSE_LCD_E_PIN   0x00007f    program     static C:\qws\MPLAB\RealTime\RealTime.X\main.asm
                SETUP_LCD   0x000084    program     static C:\qws\MPLAB\RealTime\RealTime.X\main.asm
       PulseWriteCmdToLCD   0x000099    program     static C:\qws\MPLAB\RealTime\RealTime.X\main.asm
      PulseWriteCharToLCD   0x0000a7    program     static C:\qws\MPLAB\RealTime\RealTime.X\main.asm
MOVE_CURSOR_TO_LINE_2_WRITE_A   0x0000b6    program     static C:\qws\MPLAB\RealTime\RealTime.X\main.asm
     DISPLAY_CURRENT_CHAR   0x0000bc    program     static C:\qws\MPLAB\RealTime\RealTime.X\main.asm
         LCD_WRITE_PROMPT   0x0000c5    program     static C:\qws\MPLAB\RealTime\RealTime.X\main.asm
           CHECK_IF_SPACE   0x0000e2    program     static C:\qws\MPLAB\RealTime\RealTime.X\main.asm
               CHECK_IF_Z   0x0000e9    program     static C:\qws\MPLAB\RealTime\RealTime.X\main.asm
       TEST_CHECK_TO_MOVE   0x0000f0    program     static C:\qws\MPLAB\RealTime\RealTime.X\main.asm
   INCREMENT_CURRENT_CHAR   0x0000f6    program     static C:\qws\MPLAB\RealTime\RealTime.X\main.asm
        MOVE_TO_NEXT_CHAR   0x0000f8    program     static C:\qws\MPLAB\RealTime\RealTime.X\main.asm
                     DONE   0x00010a    program     static C:\qws\MPLAB\RealTime\RealTime.X\main.asm


