MPLINK 5.09, LINKER
Linker Map File - Created Sun Feb 12 21:45:57 2023

                                 Section Info
                  Section       Type    Address   Location Size(Bytes)
                ---------  ---------  ---------  ---------  ---------
                   .org_0       code   0x000000    program   0x000004
                   .cinit    romdata   0x000002    program   0x000004
                   .org_1       code   0x000004    program   0x0001ba
.config_2007_BUILD/DEFAULT/PRODUCTION/MAIN.O       code   0x002007    program   0x000002



                              Program Memory Usage 
                               Start         End      
                           ---------   ---------      
                            0x000000    0x0000e0      
                            0x002007    0x002007      
            226 out of 8454 program addresses used, program memory utilization is 2%



                              Symbols - Sorted by Name
                     Name    Address   Location    Storage File                     
                ---------  ---------  ---------  --------- ---------                
           CHECK_IF_SPACE   0x0000ba    program     static C:\qws\MPLAB\RealTime\RealTime.X\main.asm
               CHECK_IF_Z   0x0000c1    program     static C:\qws\MPLAB\RealTime\RealTime.X\main.asm
                  DELAY_W   0x000047    program     static C:\qws\MPLAB\RealTime\RealTime.X\main.asm
     DISPLAY_CURRENT_CHAR   0x000094    program     static C:\qws\MPLAB\RealTime\RealTime.X\main.asm
                     DONE   0x0000e1    program     static C:\qws\MPLAB\RealTime\RealTime.X\main.asm
   INCREMENT_CURRENT_CHAR   0x0000ce    program     static C:\qws\MPLAB\RealTime\RealTime.X\main.asm
          INIT_DEBUG_PORT   0x000028    program     static C:\qws\MPLAB\RealTime\RealTime.X\main.asm
              ISR_FOR_BTN   0x00000f    program     static C:\qws\MPLAB\RealTime\RealTime.X\main.asm
            ISR_FOR_TIMER   0x00000c    program     static C:\qws\MPLAB\RealTime\RealTime.X\main.asm
              LABEL_REACH   0x000039    program     static C:\qws\MPLAB\RealTime\RealTime.X\main.asm
         LCD_WRITE_PROMPT   0x00009d    program     static C:\qws\MPLAB\RealTime\RealTime.X\main.asm
                       LP   0x000053    program     static C:\qws\MPLAB\RealTime\RealTime.X\main.asm
MOVE_CURSOR_TO_LINE_2_WRITE_A   0x00008e    program     static C:\qws\MPLAB\RealTime\RealTime.X\main.asm
        MOVE_TO_NEXT_CHAR   0x0000d0    program     static C:\qws\MPLAB\RealTime\RealTime.X\main.asm
          PULSE_LCD_E_PIN   0x000057    program     static C:\qws\MPLAB\RealTime\RealTime.X\main.asm
      PulseWriteCharToLCD   0x00007f    program     static C:\qws\MPLAB\RealTime\RealTime.X\main.asm
       PulseWriteCmdToLCD   0x000071    program     static C:\qws\MPLAB\RealTime\RealTime.X\main.asm
         SETUP_INTERRUPTS   0x000020    program     static C:\qws\MPLAB\RealTime\RealTime.X\main.asm
                SETUP_LCD   0x00005c    program     static C:\qws\MPLAB\RealTime\RealTime.X\main.asm
      SETUP_PORTS_DIGITAL   0x000017    program     static C:\qws\MPLAB\RealTime\RealTime.X\main.asm
          START_EXECUTION   0x00002d    program     static C:\qws\MPLAB\RealTime\RealTime.X\main.asm
       TEST_CHECK_TO_MOVE   0x0000c8    program     static C:\qws\MPLAB\RealTime\RealTime.X\main.asm
               loop_start   0x000048    program     static C:\qws\MPLAB\RealTime\RealTime.X\main.asm
                    onems   0x000051    program     static C:\qws\MPLAB\RealTime\RealTime.X\main.asm



                              Symbols - Sorted by Address
                     Name    Address   Location    Storage File                     
                ---------  ---------  ---------  --------- ---------                
            ISR_FOR_TIMER   0x00000c    program     static C:\qws\MPLAB\RealTime\RealTime.X\main.asm
              ISR_FOR_BTN   0x00000f    program     static C:\qws\MPLAB\RealTime\RealTime.X\main.asm
      SETUP_PORTS_DIGITAL   0x000017    program     static C:\qws\MPLAB\RealTime\RealTime.X\main.asm
         SETUP_INTERRUPTS   0x000020    program     static C:\qws\MPLAB\RealTime\RealTime.X\main.asm
          INIT_DEBUG_PORT   0x000028    program     static C:\qws\MPLAB\RealTime\RealTime.X\main.asm
          START_EXECUTION   0x00002d    program     static C:\qws\MPLAB\RealTime\RealTime.X\main.asm
              LABEL_REACH   0x000039    program     static C:\qws\MPLAB\RealTime\RealTime.X\main.asm
                  DELAY_W   0x000047    program     static C:\qws\MPLAB\RealTime\RealTime.X\main.asm
               loop_start   0x000048    program     static C:\qws\MPLAB\RealTime\RealTime.X\main.asm
                    onems   0x000051    program     static C:\qws\MPLAB\RealTime\RealTime.X\main.asm
                       LP   0x000053    program     static C:\qws\MPLAB\RealTime\RealTime.X\main.asm
          PULSE_LCD_E_PIN   0x000057    program     static C:\qws\MPLAB\RealTime\RealTime.X\main.asm
                SETUP_LCD   0x00005c    program     static C:\qws\MPLAB\RealTime\RealTime.X\main.asm
       PulseWriteCmdToLCD   0x000071    program     static C:\qws\MPLAB\RealTime\RealTime.X\main.asm
      PulseWriteCharToLCD   0x00007f    program     static C:\qws\MPLAB\RealTime\RealTime.X\main.asm
MOVE_CURSOR_TO_LINE_2_WRITE_A   0x00008e    program     static C:\qws\MPLAB\RealTime\RealTime.X\main.asm
     DISPLAY_CURRENT_CHAR   0x000094    program     static C:\qws\MPLAB\RealTime\RealTime.X\main.asm
         LCD_WRITE_PROMPT   0x00009d    program     static C:\qws\MPLAB\RealTime\RealTime.X\main.asm
           CHECK_IF_SPACE   0x0000ba    program     static C:\qws\MPLAB\RealTime\RealTime.X\main.asm
               CHECK_IF_Z   0x0000c1    program     static C:\qws\MPLAB\RealTime\RealTime.X\main.asm
       TEST_CHECK_TO_MOVE   0x0000c8    program     static C:\qws\MPLAB\RealTime\RealTime.X\main.asm
   INCREMENT_CURRENT_CHAR   0x0000ce    program     static C:\qws\MPLAB\RealTime\RealTime.X\main.asm
        MOVE_TO_NEXT_CHAR   0x0000d0    program     static C:\qws\MPLAB\RealTime\RealTime.X\main.asm
                     DONE   0x0000e1    program     static C:\qws\MPLAB\RealTime\RealTime.X\main.asm


