MPLINK 5.09, LINKER
Linker Map File - Created Sun Feb 12 14:35:27 2023

                                 Section Info
                  Section       Type    Address   Location Size(Bytes)
                ---------  ---------  ---------  ---------  ---------
                   .org_0       code   0x000000    program   0x000208
                   .cinit    romdata   0x000104    program   0x000004
.config_2007_BUILD/DEFAULT/PRODUCTION/NEWPIC_       code   0x002007    program   0x000002



                              Program Memory Usage 
                               Start         End      
                           ---------   ---------      
                            0x000000    0x000105      
                            0x002007    0x002007      
            263 out of 8454 program addresses used, program memory utilization is 3%



                              Symbols - Sorted by Name
                     Name    Address   Location    Storage File                     
                ---------  ---------  ---------  --------- ---------                
                    BLINK   0x0000ac    program     static C:\qws\MPLAB\RealTime\RealTime.X\newpic_8b_simple.asm
        CheakForWhitSpace   0x000098    program     static C:\qws\MPLAB\RealTime\RealTime.X\newpic_8b_simple.asm
CheakForWhitSpaceToEndString   0x00007e    program     static C:\qws\MPLAB\RealTime\RealTime.X\newpic_8b_simple.asm
                CheakForZ   0x000091    program     static C:\qws\MPLAB\RealTime\RealTime.X\newpic_8b_simple.asm
                    DELAY   0x0000c3    program     static C:\qws\MPLAB\RealTime\RealTime.X\newpic_8b_simple.asm
               DELAY_LOOP   0x0000c4    program     static C:\qws\MPLAB\RealTime\RealTime.X\newpic_8b_simple.asm
                     DONE   0x000104    program     static C:\qws\MPLAB\RealTime\RealTime.X\newpic_8b_simple.asm
                ENDMOVING   0x00001f    program     static C:\qws\MPLAB\RealTime\RealTime.X\newpic_8b_simple.asm
            INCREMENTCHAR   0x00008d    program     static C:\qws\MPLAB\RealTime\RealTime.X\newpic_8b_simple.asm
               IsReleased   0x0000a9    program     static C:\qws\MPLAB\RealTime\RealTime.X\newpic_8b_simple.asm
                    LOOP1   0x000077    program     static C:\qws\MPLAB\RealTime\RealTime.X\newpic_8b_simple.asm
           LOOPTOLOCATION   0x000062    program     static C:\qws\MPLAB\RealTime\RealTime.X\newpic_8b_simple.asm
          LOOPTOLOCATION1   0x000075    program     static C:\qws\MPLAB\RealTime\RealTime.X\newpic_8b_simple.asm
              LOOPtoIndex   0x000066    program     static C:\qws\MPLAB\RealTime\RealTime.X\newpic_8b_simple.asm
                     MAIN   0x000014    program     static C:\qws\MPLAB\RealTime\RealTime.X\newpic_8b_simple.asm
            MOVELEFTONLCD   0x000034    program     static C:\qws\MPLAB\RealTime\RealTime.X\newpic_8b_simple.asm
           MOVERIGHTONLCD   0x000022    program     static C:\qws\MPLAB\RealTime\RealTime.X\newpic_8b_simple.asm
                MOVETOLCD   0x0000a0    program     static C:\qws\MPLAB\RealTime\RealTime.X\newpic_8b_simple.asm
             MovingSTRING   0x00001a    program     static C:\qws\MPLAB\RealTime\RealTime.X\newpic_8b_simple.asm
                PINSTABLE   0x0000a4    program     static C:\qws\MPLAB\RealTime\RealTime.X\newpic_8b_simple.asm
                   PRESED   0x00008a    program     static C:\qws\MPLAB\RealTime\RealTime.X\newpic_8b_simple.asm
      PUTEnterStringOnLCD   0x000046    program     static C:\qws\MPLAB\RealTime\RealTime.X\newpic_8b_simple.asm
                     SKIP   0x00009f    program     static C:\qws\MPLAB\RealTime\RealTime.X\newpic_8b_simple.asm
             SKIPtoNormal   0x000087    program     static C:\qws\MPLAB\RealTime\RealTime.X\newpic_8b_simple.asm
                  TIMER2S   0x000072    program     static C:\qws\MPLAB\RealTime\RealTime.X\newpic_8b_simple.asm
               WaitButton   0x000075    program     static C:\qws\MPLAB\RealTime\RealTime.X\newpic_8b_simple.asm
                     inid   0x0000e9    program     static C:\qws\MPLAB\RealTime\RealTime.X\newpic_8b_simple.asm
                    loop1   0x0000cb    program     static C:\qws\MPLAB\RealTime\RealTime.X\newpic_8b_simple.asm
                    loopX   0x0000d0    program     static C:\qws\MPLAB\RealTime\RealTime.X\newpic_8b_simple.asm
                    onems   0x0000c9    program     static C:\qws\MPLAB\RealTime\RealTime.X\newpic_8b_simple.asm
                   pulseE   0x0000d4    program     static C:\qws\MPLAB\RealTime\RealTime.X\newpic_8b_simple.asm
                     send   0x0000d9    program     static C:\qws\MPLAB\RealTime\RealTime.X\newpic_8b_simple.asm
                  waitINT   0x0000a6    program     static C:\qws\MPLAB\RealTime\RealTime.X\newpic_8b_simple.asm
                      xms   0x0000cf    program     static C:\qws\MPLAB\RealTime\RealTime.X\newpic_8b_simple.asm



                              Symbols - Sorted by Address
                     Name    Address   Location    Storage File                     
                ---------  ---------  ---------  --------- ---------                
                     MAIN   0x000014    program     static C:\qws\MPLAB\RealTime\RealTime.X\newpic_8b_simple.asm
             MovingSTRING   0x00001a    program     static C:\qws\MPLAB\RealTime\RealTime.X\newpic_8b_simple.asm
                ENDMOVING   0x00001f    program     static C:\qws\MPLAB\RealTime\RealTime.X\newpic_8b_simple.asm
           MOVERIGHTONLCD   0x000022    program     static C:\qws\MPLAB\RealTime\RealTime.X\newpic_8b_simple.asm
            MOVELEFTONLCD   0x000034    program     static C:\qws\MPLAB\RealTime\RealTime.X\newpic_8b_simple.asm
      PUTEnterStringOnLCD   0x000046    program     static C:\qws\MPLAB\RealTime\RealTime.X\newpic_8b_simple.asm
           LOOPTOLOCATION   0x000062    program     static C:\qws\MPLAB\RealTime\RealTime.X\newpic_8b_simple.asm
              LOOPtoIndex   0x000066    program     static C:\qws\MPLAB\RealTime\RealTime.X\newpic_8b_simple.asm
                  TIMER2S   0x000072    program     static C:\qws\MPLAB\RealTime\RealTime.X\newpic_8b_simple.asm
               WaitButton   0x000075    program     static C:\qws\MPLAB\RealTime\RealTime.X\newpic_8b_simple.asm
          LOOPTOLOCATION1   0x000075    program     static C:\qws\MPLAB\RealTime\RealTime.X\newpic_8b_simple.asm
                    LOOP1   0x000077    program     static C:\qws\MPLAB\RealTime\RealTime.X\newpic_8b_simple.asm
CheakForWhitSpaceToEndString   0x00007e    program     static C:\qws\MPLAB\RealTime\RealTime.X\newpic_8b_simple.asm
             SKIPtoNormal   0x000087    program     static C:\qws\MPLAB\RealTime\RealTime.X\newpic_8b_simple.asm
                   PRESED   0x00008a    program     static C:\qws\MPLAB\RealTime\RealTime.X\newpic_8b_simple.asm
            INCREMENTCHAR   0x00008d    program     static C:\qws\MPLAB\RealTime\RealTime.X\newpic_8b_simple.asm
                CheakForZ   0x000091    program     static C:\qws\MPLAB\RealTime\RealTime.X\newpic_8b_simple.asm
        CheakForWhitSpace   0x000098    program     static C:\qws\MPLAB\RealTime\RealTime.X\newpic_8b_simple.asm
                     SKIP   0x00009f    program     static C:\qws\MPLAB\RealTime\RealTime.X\newpic_8b_simple.asm
                MOVETOLCD   0x0000a0    program     static C:\qws\MPLAB\RealTime\RealTime.X\newpic_8b_simple.asm
                PINSTABLE   0x0000a4    program     static C:\qws\MPLAB\RealTime\RealTime.X\newpic_8b_simple.asm
                  waitINT   0x0000a6    program     static C:\qws\MPLAB\RealTime\RealTime.X\newpic_8b_simple.asm
               IsReleased   0x0000a9    program     static C:\qws\MPLAB\RealTime\RealTime.X\newpic_8b_simple.asm
                    BLINK   0x0000ac    program     static C:\qws\MPLAB\RealTime\RealTime.X\newpic_8b_simple.asm
                    DELAY   0x0000c3    program     static C:\qws\MPLAB\RealTime\RealTime.X\newpic_8b_simple.asm
               DELAY_LOOP   0x0000c4    program     static C:\qws\MPLAB\RealTime\RealTime.X\newpic_8b_simple.asm
                    onems   0x0000c9    program     static C:\qws\MPLAB\RealTime\RealTime.X\newpic_8b_simple.asm
                    loop1   0x0000cb    program     static C:\qws\MPLAB\RealTime\RealTime.X\newpic_8b_simple.asm
                      xms   0x0000cf    program     static C:\qws\MPLAB\RealTime\RealTime.X\newpic_8b_simple.asm
                    loopX   0x0000d0    program     static C:\qws\MPLAB\RealTime\RealTime.X\newpic_8b_simple.asm
                   pulseE   0x0000d4    program     static C:\qws\MPLAB\RealTime\RealTime.X\newpic_8b_simple.asm
                     send   0x0000d9    program     static C:\qws\MPLAB\RealTime\RealTime.X\newpic_8b_simple.asm
                     inid   0x0000e9    program     static C:\qws\MPLAB\RealTime\RealTime.X\newpic_8b_simple.asm
                     DONE   0x000104    program     static C:\qws\MPLAB\RealTime\RealTime.X\newpic_8b_simple.asm


