MPLINK 5.09, LINKER
Linker Map File - Created Sun Feb 12 16:06:59 2023

                                 Section Info
                  Section       Type    Address   Location Size(Bytes)
                ---------  ---------  ---------  ---------  ---------
                   .org_0       code   0x000000    program   0x00025a
                   .cinit    romdata   0x00012d    program   0x000004
.config_2007_BUILD/DEFAULT/PRODUCTION/MAIN.O       code   0x002007    program   0x000002



                              Program Memory Usage 
                               Start         End      
                           ---------   ---------      
                            0x000000    0x00012e      
                            0x002007    0x002007      
            304 out of 8454 program addresses used, program memory utilization is 3%



                              Symbols - Sorted by Name
                     Name    Address   Location    Storage File                     
                ---------  ---------  ---------  --------- ---------                
                    BLINK   0x0000d5    program     static C:\qws\MPLAB\RealTime\RealTime.X\main.asm
        CheakForWhitSpace   0x0000c1    program     static C:\qws\MPLAB\RealTime\RealTime.X\main.asm
CheakForWhitSpaceToEndString   0x0000a7    program     static C:\qws\MPLAB\RealTime\RealTime.X\main.asm
                CheakForZ   0x0000ba    program     static C:\qws\MPLAB\RealTime\RealTime.X\main.asm
                    DELAY   0x0000ec    program     static C:\qws\MPLAB\RealTime\RealTime.X\main.asm
               DELAY_LOOP   0x0000ed    program     static C:\qws\MPLAB\RealTime\RealTime.X\main.asm
                  DELAY_W   0x000046    program     static C:\qws\MPLAB\RealTime\RealTime.X\main.asm
                     DONE   0x00012d    program     static C:\qws\MPLAB\RealTime\RealTime.X\main.asm
                ENDMOVING   0x000030    program     static C:\qws\MPLAB\RealTime\RealTime.X\main.asm
            INCREMENTCHAR   0x0000b6    program     static C:\qws\MPLAB\RealTime\RealTime.X\main.asm
               IsReleased   0x0000d2    program     static C:\qws\MPLAB\RealTime\RealTime.X\main.asm
              LABEL_REACH   0x000033    program     static C:\qws\MPLAB\RealTime\RealTime.X\main.asm
                    LOOP1   0x0000a0    program     static C:\qws\MPLAB\RealTime\RealTime.X\main.asm
           LOOPTOLOCATION   0x00008b    program     static C:\qws\MPLAB\RealTime\RealTime.X\main.asm
          LOOPTOLOCATION1   0x00009e    program     static C:\qws\MPLAB\RealTime\RealTime.X\main.asm
              LOOPtoIndex   0x00008f    program     static C:\qws\MPLAB\RealTime\RealTime.X\main.asm
                     MAIN   0x000025    program     static C:\qws\MPLAB\RealTime\RealTime.X\main.asm
            MOVELEFTONLCD   0x00005d    program     static C:\qws\MPLAB\RealTime\RealTime.X\main.asm
           MOVERIGHTONLCD   0x00004b    program     static C:\qws\MPLAB\RealTime\RealTime.X\main.asm
                MOVETOLCD   0x0000c9    program     static C:\qws\MPLAB\RealTime\RealTime.X\main.asm
             MovingSTRING   0x00002b    program     static C:\qws\MPLAB\RealTime\RealTime.X\main.asm
                PINSTABLE   0x0000cd    program     static C:\qws\MPLAB\RealTime\RealTime.X\main.asm
                   PRESED   0x0000b3    program     static C:\qws\MPLAB\RealTime\RealTime.X\main.asm
      PUTEnterStringOnLCD   0x00006f    program     static C:\qws\MPLAB\RealTime\RealTime.X\main.asm
                     SKIP   0x0000c8    program     static C:\qws\MPLAB\RealTime\RealTime.X\main.asm
             SKIPtoNormal   0x0000b0    program     static C:\qws\MPLAB\RealTime\RealTime.X\main.asm
                  TIMER2S   0x00009b    program     static C:\qws\MPLAB\RealTime\RealTime.X\main.asm
               WaitButton   0x00009e    program     static C:\qws\MPLAB\RealTime\RealTime.X\main.asm
       initialize_display   0x000112    program     static C:\qws\MPLAB\RealTime\RealTime.X\main.asm
                    loop1   0x0000f4    program     static C:\qws\MPLAB\RealTime\RealTime.X\main.asm
                    loopX   0x0000f9    program     static C:\qws\MPLAB\RealTime\RealTime.X\main.asm
               loop_start   0x000047    program     static C:\qws\MPLAB\RealTime\RealTime.X\main.asm
                    onems   0x0000f2    program     static C:\qws\MPLAB\RealTime\RealTime.X\main.asm
                   pulseE   0x0000fd    program     static C:\qws\MPLAB\RealTime\RealTime.X\main.asm
                     send   0x000102    program     static C:\qws\MPLAB\RealTime\RealTime.X\main.asm
               start_exec   0x000002    program     static C:\qws\MPLAB\RealTime\RealTime.X\main.asm
                  waitINT   0x0000cf    program     static C:\qws\MPLAB\RealTime\RealTime.X\main.asm
                      xms   0x0000f8    program     static C:\qws\MPLAB\RealTime\RealTime.X\main.asm



                              Symbols - Sorted by Address
                     Name    Address   Location    Storage File                     
                ---------  ---------  ---------  --------- ---------                
               start_exec   0x000002    program     static C:\qws\MPLAB\RealTime\RealTime.X\main.asm
                     MAIN   0x000025    program     static C:\qws\MPLAB\RealTime\RealTime.X\main.asm
             MovingSTRING   0x00002b    program     static C:\qws\MPLAB\RealTime\RealTime.X\main.asm
                ENDMOVING   0x000030    program     static C:\qws\MPLAB\RealTime\RealTime.X\main.asm
              LABEL_REACH   0x000033    program     static C:\qws\MPLAB\RealTime\RealTime.X\main.asm
                  DELAY_W   0x000046    program     static C:\qws\MPLAB\RealTime\RealTime.X\main.asm
               loop_start   0x000047    program     static C:\qws\MPLAB\RealTime\RealTime.X\main.asm
           MOVERIGHTONLCD   0x00004b    program     static C:\qws\MPLAB\RealTime\RealTime.X\main.asm
            MOVELEFTONLCD   0x00005d    program     static C:\qws\MPLAB\RealTime\RealTime.X\main.asm
      PUTEnterStringOnLCD   0x00006f    program     static C:\qws\MPLAB\RealTime\RealTime.X\main.asm
           LOOPTOLOCATION   0x00008b    program     static C:\qws\MPLAB\RealTime\RealTime.X\main.asm
              LOOPtoIndex   0x00008f    program     static C:\qws\MPLAB\RealTime\RealTime.X\main.asm
                  TIMER2S   0x00009b    program     static C:\qws\MPLAB\RealTime\RealTime.X\main.asm
          LOOPTOLOCATION1   0x00009e    program     static C:\qws\MPLAB\RealTime\RealTime.X\main.asm
               WaitButton   0x00009e    program     static C:\qws\MPLAB\RealTime\RealTime.X\main.asm
                    LOOP1   0x0000a0    program     static C:\qws\MPLAB\RealTime\RealTime.X\main.asm
CheakForWhitSpaceToEndString   0x0000a7    program     static C:\qws\MPLAB\RealTime\RealTime.X\main.asm
             SKIPtoNormal   0x0000b0    program     static C:\qws\MPLAB\RealTime\RealTime.X\main.asm
                   PRESED   0x0000b3    program     static C:\qws\MPLAB\RealTime\RealTime.X\main.asm
            INCREMENTCHAR   0x0000b6    program     static C:\qws\MPLAB\RealTime\RealTime.X\main.asm
                CheakForZ   0x0000ba    program     static C:\qws\MPLAB\RealTime\RealTime.X\main.asm
        CheakForWhitSpace   0x0000c1    program     static C:\qws\MPLAB\RealTime\RealTime.X\main.asm
                     SKIP   0x0000c8    program     static C:\qws\MPLAB\RealTime\RealTime.X\main.asm
                MOVETOLCD   0x0000c9    program     static C:\qws\MPLAB\RealTime\RealTime.X\main.asm
                PINSTABLE   0x0000cd    program     static C:\qws\MPLAB\RealTime\RealTime.X\main.asm
                  waitINT   0x0000cf    program     static C:\qws\MPLAB\RealTime\RealTime.X\main.asm
               IsReleased   0x0000d2    program     static C:\qws\MPLAB\RealTime\RealTime.X\main.asm
                    BLINK   0x0000d5    program     static C:\qws\MPLAB\RealTime\RealTime.X\main.asm
                    DELAY   0x0000ec    program     static C:\qws\MPLAB\RealTime\RealTime.X\main.asm
               DELAY_LOOP   0x0000ed    program     static C:\qws\MPLAB\RealTime\RealTime.X\main.asm
                    onems   0x0000f2    program     static C:\qws\MPLAB\RealTime\RealTime.X\main.asm
                    loop1   0x0000f4    program     static C:\qws\MPLAB\RealTime\RealTime.X\main.asm
                      xms   0x0000f8    program     static C:\qws\MPLAB\RealTime\RealTime.X\main.asm
                    loopX   0x0000f9    program     static C:\qws\MPLAB\RealTime\RealTime.X\main.asm
                   pulseE   0x0000fd    program     static C:\qws\MPLAB\RealTime\RealTime.X\main.asm
                     send   0x000102    program     static C:\qws\MPLAB\RealTime\RealTime.X\main.asm
       initialize_display   0x000112    program     static C:\qws\MPLAB\RealTime\RealTime.X\main.asm
                     DONE   0x00012d    program     static C:\qws\MPLAB\RealTime\RealTime.X\main.asm


