MPLINK 5.09, LINKER
Linker Map File - Created Sun Feb 12 18:17:58 2023

                                 Section Info
                  Section       Type    Address   Location Size(Bytes)
                ---------  ---------  ---------  ---------  ---------
                   .org_0       code   0x000000    program   0x000004
                   .cinit    romdata   0x000002    program   0x000004
                   .org_1       code   0x000004    program   0x0002a2
.config_2007_BUILD/DEFAULT/PRODUCTION/MAIN.O       code   0x002007    program   0x000002



                              Program Memory Usage 
                               Start         End      
                           ---------   ---------      
                            0x000000    0x000154      
                            0x002007    0x002007      
            342 out of 8454 program addresses used, program memory utilization is 4%



                              Symbols - Sorted by Name
                     Name    Address   Location    Storage File                     
                ---------  ---------  ---------  --------- ---------                
                    BLINK   0x000118    program     static C:\qws\MPLAB\RealTime\RealTime.X\main.asm
        CheakForWhitSpace   0x0000e7    program     static C:\qws\MPLAB\RealTime\RealTime.X\main.asm
CheakForWhitSpaceToEndString   0x0000cd    program     static C:\qws\MPLAB\RealTime\RealTime.X\main.asm
                CheakForZ   0x0000e0    program     static C:\qws\MPLAB\RealTime\RealTime.X\main.asm
                    DELAY   0x00012f    program     static C:\qws\MPLAB\RealTime\RealTime.X\main.asm
               DELAY_LOOP   0x000130    program     static C:\qws\MPLAB\RealTime\RealTime.X\main.asm
                  DELAY_W   0x000066    program     static C:\qws\MPLAB\RealTime\RealTime.X\main.asm
                     DONE   0x000155    program     static C:\qws\MPLAB\RealTime\RealTime.X\main.asm
                ENDMOVING   0x000055    program     static C:\qws\MPLAB\RealTime\RealTime.X\main.asm
            INCREMENTCHAR   0x0000dc    program     static C:\qws\MPLAB\RealTime\RealTime.X\main.asm
          INIT_DEBUG_PORT   0x000039    program     static C:\qws\MPLAB\RealTime\RealTime.X\main.asm
              ISR_FOR_BTN   0x00000f    program     static C:\qws\MPLAB\RealTime\RealTime.X\main.asm
            ISR_FOR_TIMER   0x00000c    program     static C:\qws\MPLAB\RealTime\RealTime.X\main.asm
               IsReleased   0x0000f8    program     static C:\qws\MPLAB\RealTime\RealTime.X\main.asm
              LABEL_REACH   0x000058    program     static C:\qws\MPLAB\RealTime\RealTime.X\main.asm
                    LOOP1   0x0000c6    program     static C:\qws\MPLAB\RealTime\RealTime.X\main.asm
           LOOPTOLOCATION   0x0000b1    program     static C:\qws\MPLAB\RealTime\RealTime.X\main.asm
          LOOPTOLOCATION1   0x0000c4    program     static C:\qws\MPLAB\RealTime\RealTime.X\main.asm
              LOOPtoIndex   0x0000b5    program     static C:\qws\MPLAB\RealTime\RealTime.X\main.asm
                       LP   0x000137    program     static C:\qws\MPLAB\RealTime\RealTime.X\main.asm
                     MAIN   0x00004a    program     static C:\qws\MPLAB\RealTime\RealTime.X\main.asm
            MOVELEFTONLCD   0x000082    program     static C:\qws\MPLAB\RealTime\RealTime.X\main.asm
           MOVERIGHTONLCD   0x000070    program     static C:\qws\MPLAB\RealTime\RealTime.X\main.asm
                MOVETOLCD   0x0000ef    program     static C:\qws\MPLAB\RealTime\RealTime.X\main.asm
             MovingSTRING   0x000050    program     static C:\qws\MPLAB\RealTime\RealTime.X\main.asm
                PINSTABLE   0x0000f3    program     static C:\qws\MPLAB\RealTime\RealTime.X\main.asm
                   PRESED   0x0000d9    program     static C:\qws\MPLAB\RealTime\RealTime.X\main.asm
          PULSE_LCD_E_PIN   0x00013b    program     static C:\qws\MPLAB\RealTime\RealTime.X\main.asm
      PulseWriteCharToLCD   0x000109    program     static C:\qws\MPLAB\RealTime\RealTime.X\main.asm
       PulseWriteCmdToLCD   0x0000fb    program     static C:\qws\MPLAB\RealTime\RealTime.X\main.asm
         SETUP_INTERRUPTS   0x000031    program     static C:\qws\MPLAB\RealTime\RealTime.X\main.asm
                SETUP_LCD   0x000140    program     static C:\qws\MPLAB\RealTime\RealTime.X\main.asm
      SETUP_PORTS_DIGITAL   0x000028    program     static C:\qws\MPLAB\RealTime\RealTime.X\main.asm
                     SKIP   0x0000ee    program     static C:\qws\MPLAB\RealTime\RealTime.X\main.asm
             SKIPtoNormal   0x0000d6    program     static C:\qws\MPLAB\RealTime\RealTime.X\main.asm
          START_EXECUTION   0x00003e    program     static C:\qws\MPLAB\RealTime\RealTime.X\main.asm
                  TIMER2S   0x0000c1    program     static C:\qws\MPLAB\RealTime\RealTime.X\main.asm
               WaitButton   0x0000c4    program     static C:\qws\MPLAB\RealTime\RealTime.X\main.asm
         WritePromptToLCD   0x000094    program     static C:\qws\MPLAB\RealTime\RealTime.X\main.asm
               loop_start   0x000067    program     static C:\qws\MPLAB\RealTime\RealTime.X\main.asm
                    onems   0x000135    program     static C:\qws\MPLAB\RealTime\RealTime.X\main.asm
                  waitINT   0x0000f5    program     static C:\qws\MPLAB\RealTime\RealTime.X\main.asm



                              Symbols - Sorted by Address
                     Name    Address   Location    Storage File                     
                ---------  ---------  ---------  --------- ---------                
            ISR_FOR_TIMER   0x00000c    program     static C:\qws\MPLAB\RealTime\RealTime.X\main.asm
              ISR_FOR_BTN   0x00000f    program     static C:\qws\MPLAB\RealTime\RealTime.X\main.asm
      SETUP_PORTS_DIGITAL   0x000028    program     static C:\qws\MPLAB\RealTime\RealTime.X\main.asm
         SETUP_INTERRUPTS   0x000031    program     static C:\qws\MPLAB\RealTime\RealTime.X\main.asm
          INIT_DEBUG_PORT   0x000039    program     static C:\qws\MPLAB\RealTime\RealTime.X\main.asm
          START_EXECUTION   0x00003e    program     static C:\qws\MPLAB\RealTime\RealTime.X\main.asm
                     MAIN   0x00004a    program     static C:\qws\MPLAB\RealTime\RealTime.X\main.asm
             MovingSTRING   0x000050    program     static C:\qws\MPLAB\RealTime\RealTime.X\main.asm
                ENDMOVING   0x000055    program     static C:\qws\MPLAB\RealTime\RealTime.X\main.asm
              LABEL_REACH   0x000058    program     static C:\qws\MPLAB\RealTime\RealTime.X\main.asm
                  DELAY_W   0x000066    program     static C:\qws\MPLAB\RealTime\RealTime.X\main.asm
               loop_start   0x000067    program     static C:\qws\MPLAB\RealTime\RealTime.X\main.asm
           MOVERIGHTONLCD   0x000070    program     static C:\qws\MPLAB\RealTime\RealTime.X\main.asm
            MOVELEFTONLCD   0x000082    program     static C:\qws\MPLAB\RealTime\RealTime.X\main.asm
         WritePromptToLCD   0x000094    program     static C:\qws\MPLAB\RealTime\RealTime.X\main.asm
           LOOPTOLOCATION   0x0000b1    program     static C:\qws\MPLAB\RealTime\RealTime.X\main.asm
              LOOPtoIndex   0x0000b5    program     static C:\qws\MPLAB\RealTime\RealTime.X\main.asm
                  TIMER2S   0x0000c1    program     static C:\qws\MPLAB\RealTime\RealTime.X\main.asm
               WaitButton   0x0000c4    program     static C:\qws\MPLAB\RealTime\RealTime.X\main.asm
          LOOPTOLOCATION1   0x0000c4    program     static C:\qws\MPLAB\RealTime\RealTime.X\main.asm
                    LOOP1   0x0000c6    program     static C:\qws\MPLAB\RealTime\RealTime.X\main.asm
CheakForWhitSpaceToEndString   0x0000cd    program     static C:\qws\MPLAB\RealTime\RealTime.X\main.asm
             SKIPtoNormal   0x0000d6    program     static C:\qws\MPLAB\RealTime\RealTime.X\main.asm
                   PRESED   0x0000d9    program     static C:\qws\MPLAB\RealTime\RealTime.X\main.asm
            INCREMENTCHAR   0x0000dc    program     static C:\qws\MPLAB\RealTime\RealTime.X\main.asm
                CheakForZ   0x0000e0    program     static C:\qws\MPLAB\RealTime\RealTime.X\main.asm
        CheakForWhitSpace   0x0000e7    program     static C:\qws\MPLAB\RealTime\RealTime.X\main.asm
                     SKIP   0x0000ee    program     static C:\qws\MPLAB\RealTime\RealTime.X\main.asm
                MOVETOLCD   0x0000ef    program     static C:\qws\MPLAB\RealTime\RealTime.X\main.asm
                PINSTABLE   0x0000f3    program     static C:\qws\MPLAB\RealTime\RealTime.X\main.asm
                  waitINT   0x0000f5    program     static C:\qws\MPLAB\RealTime\RealTime.X\main.asm
               IsReleased   0x0000f8    program     static C:\qws\MPLAB\RealTime\RealTime.X\main.asm
       PulseWriteCmdToLCD   0x0000fb    program     static C:\qws\MPLAB\RealTime\RealTime.X\main.asm
      PulseWriteCharToLCD   0x000109    program     static C:\qws\MPLAB\RealTime\RealTime.X\main.asm
                    BLINK   0x000118    program     static C:\qws\MPLAB\RealTime\RealTime.X\main.asm
                    DELAY   0x00012f    program     static C:\qws\MPLAB\RealTime\RealTime.X\main.asm
               DELAY_LOOP   0x000130    program     static C:\qws\MPLAB\RealTime\RealTime.X\main.asm
                    onems   0x000135    program     static C:\qws\MPLAB\RealTime\RealTime.X\main.asm
                       LP   0x000137    program     static C:\qws\MPLAB\RealTime\RealTime.X\main.asm
          PULSE_LCD_E_PIN   0x00013b    program     static C:\qws\MPLAB\RealTime\RealTime.X\main.asm
                SETUP_LCD   0x000140    program     static C:\qws\MPLAB\RealTime\RealTime.X\main.asm
                     DONE   0x000155    program     static C:\qws\MPLAB\RealTime\RealTime.X\main.asm


